---
source: render/tests/effects.rs
expression: "snap(State\n{ flag: Flag::None, caution: Caution::VirtualSafetyCar, ..State::default() },\n0, 100,)"
---
YYYYYYYYYYYYYYYYYYYYYYYYYYYYYYYY
YYYYYYYYYYYYYYYYYYYYYYYYYYYYYYYY
YY                            YY
YY                            YY
YY                            YY
YY                            YY
YY                            YY
YY                            YY
YY                            YY
YY                            YY
YY  WW   WW  WWWWW   WWWWW    YY
YY  WW   WW WW   WW WW   WW   YY
YY  WW   WW WW      WW        YY
YY  WW   WW WW      WW        YY
YY   WW WW   WWWWW  WW        YY
YY   WW WW       WW WW        YY
YY   WW WW       WW WW        YY
YY    WWW        WW WW        YY
YY    WWW   WW   WW WW        YY
YY    WWW   WW   WW WW   WW   YY
YY     W     WWWWW   WWWWW    YY
YY                            YY
YY                            YY
YY                            YY
YY                            YY
YY                            YY
YY                            YY
YY                            YY
YY                            YY
YY                            YY
YYYYYYYYYYYYYYYYYYYYYYYYYYYYYYYY
YYYYYYYYYYYYYYYYYYYYYYYYYYYYYYYY
