---
source: render/tests/effects.rs
expression: "snap(State\n{ flag: Flag::None, session: Session::PreRace, ..State::default() }, 30, 30,)"
---
                                
                                
                                
                                
                                
                                
                                
                                
                                
                                
              GGGG              
            GGGGGGGG            
           GGG    GGG           
           GG      GG           
          GG        GG          
          GG        GG          
          GG        GG          
          GG        GG          
           GG      GG           
           GGG    GGG           
            GGGGGGGG            
              GGGG
