---
source: render/tests/golden_scenarios.rs
expression: render(sc)
---
.                              .
                                
                                
                                
                                
                                
                                
                                
                                
                                
                                
                                
                                
                                
                                
                                
                                
                                
                                
                                
                                
                                
                                
                                
                                
                                
                                
                                
                                
                                
YYYYYYYYYY YYYYYYYYYY YYYYYYYYYY
YYYYYYYYYY YYYYYYYYYY YYYYYYYYYY
