---
source: render/tests/golden_scenarios.rs
expression: render(sc)
---
.                              .
                                
                                
                                
                                
                                
                                
                                
                                
                                
                                
                                
                                
                                
                                
                                
                                
                                
                                
                                
                                
                                
                                
                                
                                
                                
                                
                                
                                
                                
yyyyyyyyyy YYYYYYYYYY yyyyyyyyyy
yyyyyyyyyy YYYYYYYYYY yyyyyyyyyy
