---
source: render/tests/golden_scenarios.rs
expression: render(sc)
---
                RRRRRRRRRRRRRRRR
                RRRRRRRRRRRRRRRR
                RRRRRRRRRRRRRRRR
                RRRRRRRRRRRRRRRR
                RRRRRRRRRRRRRRRR
                RRRRRRRRRRRRRRRR
                RRRRRRRRRRRRRRRR
                RRRRRRRRRRRRRRRR
                RRRRRRRRRRRRRRRR
                RRRRRRRRRRRRRRRR
                RRRRRRRRRRRRRRRR
                RRRRRRRRRRRRRRRR
                RRRRRRRRRRRRRRRR
                RRRRRRRRRRRRRRRR
                RRRRRRRRRRRRRRRR
                RRRRRRRRRRRRRRRR
                RRRRRRRRRRRRRRRR
                RRRRRRRRRRRRRRRR
                RRRRRRRRRRRRRRRR
                RRRRRRRRRRRRRRRR
                RRRRRRRRRRRRRRRR
                RRRRRRRRRRRRRRRR
                RRRRRRRRRRRRRRRR
                RRRRRRRRRRRRRRRR
                RRRRRRRRRRRRRRRR
                RRRRRRRRRRRRRRRR
                RRRRRRRRRRRRRRRR
                RRRRRRRRRRRRRRRR
                RRRRRRRRRRRRRRRR
                RRRRRRRRRRRRRRRR
                RRRRRRRRRRRRRRRR
                RRRRRRRRRRRRRRRR
