---
source: render/tests/golden_scenarios.rs
expression: render(sc)
---
GGGGGGGGGGGGGWWWWWWWGGGGGGGGGGGG
GGGGGGGGGGGGGWWWWWWWGGGGGGGGGGGG
GGGGGGGGGGGGGWWWWWWWGGGGGGGGGGGG
GGGGGGGGGGGGGWWWWWWWGGGGGGGGGGGG
GGGGGGGGGGGGGWWWWWWWGGGGGGGGGGGG
GGGGGGGGGGGGGWWWWWWWGGGGGGGGGGGG
GGGGGGGGGGGGGWWWWWWWGGGGGGGGGGGG
GGGGGGGGGGGGGWWWWWWWGGGGGGGGGGGG
GGGGGGGGGGGGGWWWWWWWGGGGGGGGGGGG
GGGGGGGGGGGGGWWWWWWWGGGGGGGGGGGG
GGGGGGGGGGGGGWWWWWWWGGGGGGGGGGGG
GGGGGGGGGGGGGWWWWWWWGGGGGGGGGGGG
GGGGGGGGGGGGGWWWWWWWGGGGGGGGGGGG
GGGGGGGGGGGGGWWWWWWWGGGGGGGGGGGG
GGGGGGGGGGGGGWWWWWWWGGGGGGGGGGGG
GGGGGGGGGGGGGWWWWWWWGGGGGGGGGGGG
GGGGGGGGGGGGGWWWWWWWGGGGGGGGGGGG
GGGGGGGGGGGGGWWWWWWWGGGGGGGGGGGG
GGGGGGGGGGGGGWWWWWWWGGGGGGGGGGGG
GGGGGGGGGGGGGWWWWWWWGGGGGGGGGGGG
GGGGGGGGGGGGGWWWWWWWGGGGGGGGGGGG
GGGGGGGGGGGGGWWWWWWWGGGGGGGGGGGG
GGGGGGGGGGGGGWWWWWWWGGGGGGGGGGGG
GGGGGGGGGGGGGWWWWWWWGGGGGGGGGGGG
GGGGGGGGGGGGGWWWWWWWGGGGGGGGGGGG
GGGGGGGGGGGGGWWWWWWWGGGGGGGGGGGG
GGGGGGGGGGGGGWWWWWWWGGGGGGGGGGGG
GGGGGGGGGGGGGWWWWWWWGGGGGGGGGGGG
GGGGGGGGGGGGGWWWWWWWGGGGGGGGGGGG
GGGGGGGGGGGGGWWWWWWWGGGGGGGGGGGG
GGGGGGGGGGGGGWWWWWWWGGGGGGGGGGGG
GGGGGGGGGGGGGWWWWWWWGGGGGGGGGGGG
